23:15:27 **** Incremental Build of configuration Debug for project SEVSEN SEGMENT ****
make -j4 all 
arm-none-eabi-gcc "../Core/Src/main.c" -mcpu=cortex-m3 -std=gnu11 -g3 -DDEBUG -DUSE_HAL_DRIVER -DSTM32F103x6 -c -I../Core/Inc -I../Drivers/STM32F1xx_HAL_Driver/Inc/Legacy -I../Drivers/STM32F1xx_HAL_Driver/Inc -I../Drivers/CMSIS/Device/ST/STM32F1xx/Include -I../Drivers/CMSIS/Include -O0 -ffunction-sections -fdata-sections -Wall -fstack-usage -MMD -MP -MF"Core/Src/main.d" -MT"Core/Src/main.o" --specs=nano.specs -mfloat-abi=soft -mthumb -o "Core/Src/main.o"
arm-none-eabi-gcc -o "SEVSEN SEGMENT.elf" @"objects.list"   -mcpu=cortex-m3 -T"C:\Users\ayyar\OneDrive\Desktop\MAIN PROJECT\cubeude\SEVEN SEGMENT\SEVSEN SEGMENT\STM32F103C6TX_FLASH.ld" --specs=nosys.specs -Wl,-Map="SEVSEN SEGMENT.map" -Wl,--gc-sections -static --specs=nano.specs -mfloat-abi=soft -mthumb -Wl,--start-group -lc -lm -Wl,--end-group
Finished building target: SEVSEN SEGMENT.elf
 
arm-none-eabi-size   SEVSEN\ SEGMENT.elf 
arm-none-eabi-objdump -h -S  SEVSEN\ SEGMENT.elf  > "SEVSEN SEGMENT.list"
arm-none-eabi-objcopy  -O ihex  SEVSEN\ SEGMENT.elf  "SEVSEN SEGMENT.hex"
   text	   data	    bss	    dec	    hex	filename
   4848	     20	   1572	   6440	   1928	SEVSEN SEGMENT.elf
Finished building: default.size.stdout
 
Finished building: SEVSEN SEGMENT.list
Finished building: SEVSEN SEGMENT.hex
 
 

23:15:29 Build Finished. 0 errors, 0 warnings. (took 1s.347ms)

