09:15:22 **** Incremental Build of configuration Debug for project BLINK NEW ****
make -j4 all 
arm-none-eabi-gcc "../Core/Src/main.c" -mcpu=cortex-m3 -std=gnu11 -g3 -DDEBUG -DUSE_HAL_DRIVER -DSTM32F103x6 -c -I../Core/Inc -I../Drivers/STM32F1xx_HAL_Driver/Inc/Legacy -I../Drivers/STM32F1xx_HAL_Driver/Inc -I../Drivers/CMSIS/Device/ST/STM32F1xx/Include -I../Drivers/CMSIS/Include -O0 -ffunction-sections -fdata-sections -Wall -fstack-usage -MMD -MP -MF"Core/Src/main.d" -MT"Core/Src/main.o" --specs=nano.specs -mfloat-abi=soft -mthumb -o "Core/Src/main.o"
arm-none-eabi-gcc -o "BLINK NEW.elf" @"objects.list"   -mcpu=cortex-m3 -T"C:\Users\ayyar\OneDrive\Desktop\MAIN PROJECT\cubeude\BLINK NEW\STM32F103C6TX_FLASH.ld" --specs=nosys.specs -Wl,-Map="BLINK NEW.map" -Wl,--gc-sections -static --specs=nano.specs -mfloat-abi=soft -mthumb -Wl,--start-group -lc -lm -Wl,--end-group
Finished building target: BLINK NEW.elf
 
arm-none-eabi-size   BLINK\ NEW.elf 
arm-none-eabi-objdump -h -S  BLINK\ NEW.elf  > "BLINK NEW.list"
arm-none-eabi-objcopy  -O ihex  BLINK\ NEW.elf  "BLINK NEW.hex"
   text	   data	    bss	    dec	    hex	filename
   4632	     20	   1572	   6224	   1850	BLINK NEW.elf
Finished building: default.size.stdout
 
Finished building: BLINK NEW.hex
Finished building: BLINK NEW.list
 
 
